2026-06-09 04:10:34,355 DEBUG cd apparel-erp && python3 -m venv env
2026-06-09 04:10:36,008 DEBUG cd apparel-erp && /home/user/apparel-erp/env/bin/python -m pip install --quiet --upgrade pip
2026-06-09 04:10:37,174 DEBUG cd apparel-erp && /home/user/apparel-erp/env/bin/python -m pip install --quiet wheel
2026-06-09 04:10:37,766 LOG Getting frappe
2026-06-09 04:10:37,766 DEBUG cd apparel-erp/apps && git clone https://github.com/frappe/frappe.git  --depth 1 --origin upstream
2026-06-09 04:10:56,819 LOG Installing frappe
2026-06-09 04:10:56,820 DEBUG cd /home/user/apparel-erp && /home/user/apparel-erp/env/bin/python -m pip install --quiet --upgrade -e /home/user/apparel-erp/apps/frappe 
2026-06-09 04:11:21,080 DEBUG cd /home/user/apparel-erp/apps/frappe && yarn install --check-files
2026-06-09 04:11:37,216 DEBUG cd /home/user/apparel-erp && sudo supervisorctl restart frappe:
2026-06-09 04:11:37,341 WARNING cd /home/user/apparel-erp && sudo supervisorctl restart frappe: executed with exit code 2
2026-06-09 04:11:37,341 WARNING restarting supervisor group `frappe:` failed. Use `bench restart` to retry.
2026-06-09 04:11:37,341 DEBUG cd apparel-erp && bench build
2026-06-09 04:11:37,413 INFO /home/user/.local/bin/bench build
2026-06-09 04:11:48,506 LOG setting up backups
2026-06-09 04:11:48,529 LOG backups were set up
2026-06-09 04:11:48,529 INFO Bench apparel-erp initialized
2026-06-09 04:11:49,244 INFO A newer version of bench is available: 5.27.0 → 5.29.1
2026-06-09 04:12:25,362 INFO /home/user/.local/bin/bench new-site apparel-site
2026-06-09 04:14:44,261 INFO /home/user/.local/bin/bench get-app payments
2026-06-09 04:14:45,102 LOG Getting payments
2026-06-09 04:14:45,102 DEBUG cd ./apps && git clone https://github.com/frappe/payments.git  --depth 1 --origin upstream
2026-06-09 04:14:46,538 LOG Installing payments
2026-06-09 04:14:46,538 DEBUG cd /home/user/apparel-erp && /home/user/apparel-erp/env/bin/python -m pip install --quiet --upgrade -e /home/user/apparel-erp/apps/payments 
2026-06-09 04:14:51,494 DEBUG bench build --app payments
2026-06-09 04:14:51,567 INFO /home/user/.local/bin/bench build --app payments
2026-06-09 04:14:53,087 DEBUG cd /home/user/apparel-erp && sudo supervisorctl restart frappe:
2026-06-09 04:14:53,227 WARNING cd /home/user/apparel-erp && sudo supervisorctl restart frappe: executed with exit code 2
2026-06-09 04:14:53,228 WARNING restarting supervisor group `frappe:` failed. Use `bench restart` to retry.
2026-06-09 04:14:53,384 INFO A newer version of bench is available: 5.27.0 → 5.29.1
2026-06-09 04:14:53,476 INFO /home/user/.local/bin/bench get-app erpnext
2026-06-09 04:14:54,215 LOG Getting erpnext
2026-06-09 04:14:54,215 DEBUG cd ./apps && git clone https://github.com/frappe/erpnext.git  --depth 1 --origin upstream
2026-06-09 04:15:10,942 LOG Installing erpnext
2026-06-09 04:15:10,942 DEBUG cd /home/user/apparel-erp && /home/user/apparel-erp/env/bin/python -m pip install --quiet --upgrade -e /home/user/apparel-erp/apps/erpnext 
2026-06-09 04:15:14,563 DEBUG cd /home/user/apparel-erp/apps/erpnext && yarn install --check-files
2026-06-09 04:15:18,751 DEBUG bench build --app erpnext
2026-06-09 04:15:18,830 INFO /home/user/.local/bin/bench build --app erpnext
2026-06-09 04:15:24,037 DEBUG cd /home/user/apparel-erp && sudo supervisorctl restart frappe:
2026-06-09 04:15:24,173 WARNING cd /home/user/apparel-erp && sudo supervisorctl restart frappe: executed with exit code 2
2026-06-09 04:15:24,173 WARNING restarting supervisor group `frappe:` failed. Use `bench restart` to retry.
2026-06-09 04:15:24,322 INFO A newer version of bench is available: 5.27.0 → 5.29.1
2026-06-09 04:15:24,421 INFO /home/user/.local/bin/bench get-app hrms
2026-06-09 04:15:25,132 LOG Getting hrms
2026-06-09 04:15:25,132 DEBUG cd ./apps && git clone https://github.com/frappe/hrms.git  --depth 1 --origin upstream
2026-06-09 04:15:35,210 LOG Installing hrms
2026-06-09 04:15:35,210 DEBUG cd /home/user/apparel-erp && /home/user/apparel-erp/env/bin/python -m pip install --quiet --upgrade -e /home/user/apparel-erp/apps/hrms 
2026-06-09 04:15:36,296 DEBUG cd /home/user/apparel-erp/apps/hrms && yarn install --check-files
2026-06-09 04:15:47,330 DEBUG bench build --app hrms
2026-06-09 04:15:47,408 INFO /home/user/.local/bin/bench build --app hrms
2026-06-09 04:16:03,194 DEBUG cd /home/user/apparel-erp && sudo supervisorctl restart frappe:
2026-06-09 04:16:03,373 WARNING cd /home/user/apparel-erp && sudo supervisorctl restart frappe: executed with exit code 2
2026-06-09 04:16:03,373 WARNING restarting supervisor group `frappe:` failed. Use `bench restart` to retry.
2026-06-09 04:16:03,559 INFO A newer version of bench is available: 5.27.0 → 5.29.1
2026-06-09 04:16:08,977 INFO /home/user/.local/bin/bench new-app apparel_track
2026-06-09 04:16:08,993 LOG creating new app apparel_track
2026-06-09 04:17:50,109 LOG Installing apparel_track
2026-06-09 04:17:50,110 DEBUG cd /home/user/apparel-erp && /home/user/apparel-erp/env/bin/python -m pip install --quiet --upgrade -e /home/user/apparel-erp/apps/apparel_track 
2026-06-09 04:17:51,359 DEBUG bench build --app apparel_track
2026-06-09 04:17:51,439 INFO /home/user/.local/bin/bench build --app apparel_track
2026-06-09 04:17:52,911 DEBUG cd /home/user/apparel-erp && sudo supervisorctl restart frappe:
2026-06-09 04:17:53,043 WARNING cd /home/user/apparel-erp && sudo supervisorctl restart frappe: executed with exit code 2
2026-06-09 04:17:53,043 WARNING restarting supervisor group `frappe:` failed. Use `bench restart` to retry.
2026-06-09 04:17:53,549 INFO A newer version of bench is available: 5.27.0 → 5.29.1
2026-06-09 04:18:09,261 INFO /home/user/.local/bin/bench new-app apparel_track
2026-06-09 04:18:09,263 LOG creating new app apparel_track
2026-06-09 04:19:36,956 WARNING /home/user/.local/bin/bench new-app apparel_track executed with exit code 1
2026-06-09 04:19:37,227 INFO A newer version of bench is available: 5.27.0 → 5.29.1
2026-06-09 04:19:57,926 INFO /home/user/.local/bin/bench --site apparel-site install-app payments
2026-06-09 04:20:07,044 INFO /home/user/.local/bin/bench --site apparel-site install-app erpnext
2026-06-09 04:20:49,988 INFO /home/user/.local/bin/bench --site apparel-site install-app hrms
2026-06-09 04:22:09,106 INFO /home/user/.local/bin/bench --site apparel-site install-app payments
2026-06-09 04:22:12,843 INFO /home/user/.local/bin/bench --site apparel-site install-app erpnext
2026-06-09 04:22:15,954 INFO /home/user/.local/bin/bench --site apparel-site install-app payments
2026-06-09 04:22:31,066 INFO /home/user/.local/bin/bench --site apparel-site install-app apparel_track
2026-06-09 04:23:28,930 INFO /home/user/.local/bin/bench use apparel-site
2026-06-09 04:23:34,713 INFO /home/user/.local/bin/bench migrate
2026-06-09 04:23:43,166 INFO /home/user/.local/bin/bench build
2026-06-09 04:24:13,739 INFO /home/user/.local/bin/bench start
2026-06-09 04:24:13,923 INFO /home/user/.local/bin/bench watch
2026-06-09 04:24:13,930 INFO /home/user/.local/bin/bench schedule
2026-06-09 04:24:13,958 INFO /home/user/.local/bin/bench worker
2026-06-09 04:24:13,965 INFO /home/user/.local/bin/bench serve --port 8004
2026-06-09 04:24:55,676 INFO /home/user/.local/bin/bench migrate
2026-06-09 04:26:00,375 INFO /home/user/.local/bin/bench --site apparel-site set-config developer_mode 1
2026-06-09 04:26:07,626 INFO /home/user/.local/bin/bench --site apparel-site clear-cache
2026-06-09 04:26:22,193 INFO /home/user/.local/bin/bench restart
2026-06-09 04:26:26,375 DEBUG cd /home/user/apparel-erp && sudo supervisorctl restart frappe:
2026-06-09 04:26:26,502 WARNING cd /home/user/apparel-erp && sudo supervisorctl restart frappe: executed with exit code 2
2026-06-09 04:26:26,502 WARNING /home/user/.local/bin/bench restart executed with exit code 1
2026-06-09 04:26:26,824 INFO A newer version of bench is available: 5.27.0 → 5.29.1
2026-06-09 04:28:06,614 INFO /home/user/.local/bin/bench migrate
2026-06-10 11:44:07,637 INFO /home/user/.local/bin/bench start
2026-06-10 11:44:07,818 INFO /home/user/.local/bin/bench watch
2026-06-10 11:44:07,828 INFO /home/user/.local/bin/bench serve --port 8004
2026-06-10 11:44:07,843 INFO /home/user/.local/bin/bench worker
2026-06-10 11:44:07,850 INFO /home/user/.local/bin/bench schedule
2026-07-16 00:00:01,536 INFO /home/user/.local/bin/bench --verbose --site all backup
2026-08-30 14:17:36,659 INFO /home/user/.local/bin/bench start
2026-08-30 14:17:36,845 INFO /home/user/.local/bin/bench watch
2026-08-30 14:17:36,851 INFO /home/user/.local/bin/bench serve --port 8004
2026-08-30 14:17:36,864 INFO /home/user/.local/bin/bench schedule
2026-08-30 14:17:36,874 INFO /home/user/.local/bin/bench worker
2026-08-30 14:18:29,139 INFO /home/user/.local/bin/bench migrate
2026-08-30 14:20:56,064 INFO /home/user/.local/bin/bench --version
2026-08-30 14:21:06,995 INFO /home/user/.local/bin/bench --site apparel-site list-apps
2026-08-30 14:21:07,932 INFO /home/user/.local/bin/bench --site apparel-site console
2026-08-30 14:21:19,194 INFO /home/user/.local/bin/bench --site apparel-site migrate
2026-08-30 14:21:55,728 INFO /home/user/.local/bin/bench --site apparel-site console
2026-08-30 14:23:55,964 INFO /home/user/.local/bin/bench --site apparel-site console
2026-08-30 14:24:37,126 INFO /home/user/.local/bin/bench --site apparel-site execute import frappe; print('doctype_exists', frappe.db.exists('DocType', 'Contact')); print('table_sql', frappe.db.sql('SHOW TABLES LIKE %s', ('tabContact',)))
2026-08-30 14:24:48,181 INFO /home/user/.local/bin/bench --site apparel-site execute import frappe; print('doctype_exists', frappe.db.exists('DocType', 'Contact')); print('table_sql', frappe.db.sql('SHOW TABLES LIKE %s', ('tabContact',)))
2026-08-30 14:28:15,653 INFO /home/user/.local/bin/bench --site apparel-site mariadb -e SHOW COLUMNS FROM tabCompany;
2026-08-30 14:29:16,127 INFO /home/user/.local/bin/bench --site apparel-site mariadb -e SHOW COLUMNS FROM \ LIKE 'bank_charges_account';
2026-08-30 14:29:24,173 INFO /home/user/.local/bin/bench --site apparel-site mariadb -e SHOW COLUMNS FROM \;
2026-08-30 14:33:12,113 INFO /home/user/.local/bin/bench --site apparel-site migrate
2026-08-30 14:33:38,822 INFO /home/user/.local/bin/bench --site apparel-site clear-cache
2026-08-30 14:33:39,957 INFO /home/user/.local/bin/bench restart
2026-08-30 14:33:47,047 DEBUG cd /home/user/apparel-erp && sudo supervisorctl restart frappe:
2026-08-30 14:33:47,197 WARNING cd /home/user/apparel-erp && sudo supervisorctl restart frappe: executed with exit code 2
2026-08-30 14:33:47,198 WARNING /home/user/.local/bin/bench restart executed with exit code 1
2026-08-30 14:33:47,535 INFO A newer version of bench is available: 5.27.0 → 5.31.0
2026-08-30 14:33:55,643 INFO /home/user/.local/bin/bench --site apparel-site mariadb -e SHOW COLUMNS FROM tabCompany LIKE 'bank_charges_account';
