2026-06-09 04:20:57,187 WARNING database DDL Query made to DB:
create table `tabAdditional Salary` (
			name varchar(140) primary key,
			creation datetime(6),
			modified datetime(6),
			modified_by varchar(140),
			owner varchar(140),
			docstatus tinyint not null default '0',
			idx int not null default '0',
			`naming_series` varchar(140),
`employee` varchar(140),
`employee_name` varchar(140),
`department` varchar(140),
`company` varchar(140),
`is_recurring` tinyint(4) NOT NULL DEFAULT 0,
`disabled` tinyint(4) NOT NULL DEFAULT 0,
`from_date` date,
`to_date` date,
`payroll_date` date,
`amended_from` varchar(140),
`salary_component` varchar(140),
`type` varchar(140),
`currency` varchar(140),
`amount` decimal(21,9) NOT NULL DEFAULT 0.0,
`deduct_full_tax_on_selected_payroll_date` tinyint(4) NOT NULL DEFAULT 0,
`overwrite_salary_structure_amount` tinyint(4) NOT NULL DEFAULT 1,
`ref_doctype` varchar(140),
`ref_docname` varchar(140),
`_user_tags` text,
`_comments` text,
`_assign` text,
`_liked_by` text,
index `employee`(`employee`),
index `payroll_date`(`payroll_date`),
index `salary_component`(`salary_component`),
index creation(creation))
			ENGINE=InnoDB
			ROW_FORMAT=DYNAMIC
			CHARACTER SET=utf8mb4
			COLLATE=utf8mb4_unicode_ci
2026-06-09 04:20:57,261 WARNING database DDL Query made to DB:
create table `tabSalary Structure` (
			name varchar(140) primary key,
			creation datetime(6),
			modified datetime(6),
			modified_by varchar(140),
			owner varchar(140),
			docstatus tinyint not null default '0',
			idx int not null default '0',
			`company` varchar(140),
`letter_head` varchar(140),
`is_active` varchar(140) DEFAULT 'Yes',
`is_default` varchar(140) DEFAULT 'No',
`currency` varchar(140),
`amended_from` varchar(140),
`leave_encashment_amount_per_day` decimal(21,9) NOT NULL DEFAULT 0.0,
`max_benefits` decimal(21,9) NOT NULL DEFAULT 0.0,
`salary_slip_based_on_timesheet` tinyint(4) NOT NULL DEFAULT 0,
`payroll_frequency` varchar(140) DEFAULT 'Monthly',
`salary_component` varchar(140),
`hour_rate` decimal(21,9) NOT NULL DEFAULT 0.0,
`total_earning` decimal(21,9) NOT NULL DEFAULT 0.0,
`total_deduction` decimal(21,9) NOT NULL DEFAULT 0.0,
`net_pay` decimal(21,9) NOT NULL DEFAULT 0.0,
`mode_of_payment` varchar(140),
`payment_account` varchar(140),
`_user_tags` text,
`_comments` text,
`_assign` text,
`_liked_by` text,
index `company`(`company`),
index `currency`(`currency`),
index `salary_slip_based_on_timesheet`(`salary_slip_based_on_timesheet`),
index `payroll_frequency`(`payroll_frequency`),
index creation(creation))
			ENGINE=InnoDB
			ROW_FORMAT=DYNAMIC
			CHARACTER SET=utf8mb4
			COLLATE=utf8mb4_unicode_ci
2026-06-09 04:20:57,317 WARNING database DDL Query made to DB:
create table `tabTaxable Salary Slab` (
			name varchar(140) primary key,
			creation datetime(6),
			modified datetime(6),
			modified_by varchar(140),
			owner varchar(140),
			docstatus tinyint not null default '0',
			idx int not null default '0',
			`from_amount` decimal(21,9) NOT NULL DEFAULT 0.0,
`to_amount` decimal(21,9) NOT NULL DEFAULT 0.0,
`percent_deduction` decimal(21,9) NOT NULL DEFAULT 0.0,
`condition` longtext,
parent varchar(140),
parentfield varchar(140),
parenttype varchar(140),
index parent(parent))
			ENGINE=InnoDB
			ROW_FORMAT=DYNAMIC
			CHARACTER SET=utf8mb4
			COLLATE=utf8mb4_unicode_ci
2026-06-09 04:20:57,377 WARNING database DDL Query made to DB:
create table `tabEmployee Tax Exemption Declaration Category` (
			name varchar(140) primary key,
			creation datetime(6),
			modified datetime(6),
			modified_by varchar(140),
			owner varchar(140),
			docstatus tinyint not null default '0',
			idx int not null default '0',
			`exemption_sub_category` varchar(140),
`exemption_category` varchar(140),
`max_amount` decimal(21,9) NOT NULL DEFAULT 0.0,
`amount` decimal(21,9) NOT NULL DEFAULT 0.0,
parent varchar(140),
parentfield varchar(140),
parenttype varchar(140),
index parent(parent))
			ENGINE=InnoDB
			ROW_FORMAT=DYNAMIC
			CHARACTER SET=utf8mb4
			COLLATE=utf8mb4_unicode_ci
2026-06-09 04:20:57,452 WARNING database DDL Query made to DB:
create table `tabEmployee Other Income` (
			name varchar(140) primary key,
			creation datetime(6),
			modified datetime(6),
			modified_by varchar(140),
			owner varchar(140),
			docstatus tinyint not null default '0',
			idx int not null default '0',
			`employee` varchar(140),
`employee_name` varchar(140),
`amended_from` varchar(140),
`company` varchar(140),
`payroll_period` varchar(140),
`source` varchar(140),
`amount` decimal(21,9) NOT NULL DEFAULT 0.0,
`_user_tags` text,
`_comments` text,
`_assign` text,
`_liked_by` text,
index `employee`(`employee`),
index `company`(`company`),
index `payroll_period`(`payroll_period`),
index creation(creation))
			ENGINE=InnoDB
			ROW_FORMAT=DYNAMIC
			CHARACTER SET=utf8mb4
			COLLATE=utf8mb4_unicode_ci
2026-06-09 04:20:57,510 WARNING database DDL Query made to DB:
create table `tabEmployee Tax Exemption Category` (
			name varchar(140) primary key,
			creation datetime(6),
			modified datetime(6),
			modified_by varchar(140),
			owner varchar(140),
			docstatus tinyint not null default '0',
			idx int not null default '0',
			`max_amount` decimal(21,9) NOT NULL DEFAULT 0.0,
`is_active` tinyint(4) NOT NULL DEFAULT 1,
`description` text,
`_user_tags` text,
`_comments` text,
`_assign` text,
`_liked_by` text,
index creation(creation))
			ENGINE=InnoDB
			ROW_FORMAT=DYNAMIC
			CHARACTER SET=utf8mb4
			COLLATE=utf8mb4_unicode_ci
2026-06-09 04:20:57,592 WARNING database DDL Query made to DB:
create table `tabEmployee Benefit Claim` (
			name varchar(140) primary key,
			creation datetime(6),
			modified datetime(6),
			modified_by varchar(140),
			owner varchar(140),
			docstatus tinyint not null default '0',
			idx int not null default '0',
			`employee` varchar(140),
`employee_name` varchar(140),
`department` varchar(140),
`payroll_date` date,
`currency` varchar(140),
`company` varchar(140),
`amended_from` varchar(140),
`earning_component` varchar(140),
`yearly_benefit` decimal(21,9) NOT NULL DEFAULT 0.0,
`claimed_amount` decimal(21,9) NOT NULL DEFAULT 0.0,
`max_amount_eligible` decimal(21,9) NOT NULL DEFAULT 0.0,
`attachments` text,
`_user_tags` text,
`_comments` text,
`_assign` text,
`_liked_by` text,
index creation(creation))
			ENGINE=InnoDB
			ROW_FORMAT=DYNAMIC
			CHARACTER SET=utf8mb4
			COLLATE=utf8mb4_unicode_ci
2026-06-09 04:20:57,651 WARNING database DDL Query made to DB:
create table `tabEmployee Benefit Application Detail` (
			name varchar(140) primary key,
			creation datetime(6),
			modified datetime(6),
			modified_by varchar(140),
			owner varchar(140),
			docstatus tinyint not null default '0',
			idx int not null default '0',
			`salary_component` varchar(140),
`max_benefit_amount` decimal(21,9) NOT NULL DEFAULT 0.0,
`amount` decimal(21,9) NOT NULL DEFAULT 0.0,
parent varchar(140),
parentfield varchar(140),
parenttype varchar(140),
index parent(parent))
			ENGINE=InnoDB
			ROW_FORMAT=DYNAMIC
			CHARACTER SET=utf8mb4
			COLLATE=utf8mb4_unicode_ci
2026-06-09 04:20:57,708 WARNING database DDL Query made to DB:
create table `tabEmployee Benefit Ledger` (
			name varchar(140) primary key,
			creation datetime(6),
			modified datetime(6),
			modified_by varchar(140),
			owner varchar(140),
			docstatus tinyint not null default '0',
			idx int not null default '0',
			`posting_date` date,
`employee` varchar(140),
`employee_name` varchar(140),
`salary_component` varchar(140),
`company` varchar(140),
`payroll_period` varchar(140),
`reference_doctype` varchar(140),
`reference_document` varchar(140),
`salary_slip` varchar(140),
`transaction_type` varchar(140),
`amount` decimal(21,9) NOT NULL DEFAULT 0.0,
`flexible_benefit` tinyint(4) NOT NULL DEFAULT 0,
`yearly_benefit` decimal(21,9) NOT NULL DEFAULT 0.0,
`remarks` varchar(140),
`_user_tags` text,
`_comments` text,
`_assign` text,
`_liked_by` text,
index `employee`(`employee`),
index `salary_component`(`salary_component`),
index `payroll_period`(`payroll_period`),
index creation(creation))
			ENGINE=InnoDB
			ROW_FORMAT=DYNAMIC
			CHARACTER SET=utf8mb4
			COLLATE=utf8mb4_unicode_ci
2026-06-09 04:20:57,793 WARNING database DDL Query made to DB:
create table `tabGratuity Rule` (
			name varchar(140) primary key,
			creation datetime(6),
			modified datetime(6),
			modified_by varchar(140),
			owner varchar(140),
			docstatus tinyint not null default '0',
			idx int not null default '0',
			`disable` tinyint(4) NOT NULL DEFAULT 0,
`calculate_gratuity_amount_based_on` varchar(140),
`total_working_days_per_year` decimal(21,9) NOT NULL DEFAULT 365.0,
`work_experience_calculation_function` varchar(140) DEFAULT 'Round off Work Experience',
`minimum_year_for_gratuity` int(11) NOT NULL DEFAULT 0,
`_user_tags` text,
`_comments` text,
`_assign` text,
`_liked_by` text,
index creation(creation))
			ENGINE=InnoDB
			ROW_FORMAT=DYNAMIC
			CHARACTER SET=utf8mb4
			COLLATE=utf8mb4_unicode_ci
2026-06-09 04:20:57,825 WARNING database DDL Query made to DB:
create table `tabSalary Slip Loan` (
			name varchar(140) primary key,
			creation datetime(6),
			modified datetime(6),
			modified_by varchar(140),
			owner varchar(140),
			docstatus tinyint not null default '0',
			idx int not null default '0',
			`loan` varchar(140),
`loan_product` varchar(140),
`loan_account` varchar(140),
`interest_income_account` varchar(140),
`principal_amount` decimal(21,9) NOT NULL DEFAULT 0.0,
`interest_amount` decimal(21,9) NOT NULL DEFAULT 0.0,
`total_payment` decimal(21,9) NOT NULL DEFAULT 0.0,
`loan_repayment_entry` varchar(140),
parent varchar(140),
parentfield varchar(140),
parenttype varchar(140),
index parent(parent))
			ENGINE=InnoDB
			ROW_FORMAT=DYNAMIC
			CHARACTER SET=utf8mb4
			COLLATE=utf8mb4_unicode_ci
2026-06-09 04:20:57,859 WARNING database DDL Query made to DB:
create table `tabEmployee Cost Center` (
			name varchar(140) primary key,
			creation datetime(6),
			modified datetime(6),
			modified_by varchar(140),
			owner varchar(140),
			docstatus tinyint not null default '0',
			idx int not null default '0',
			`cost_center` varchar(140),
`percentage` int(11) NOT NULL DEFAULT 0,
parent varchar(140),
parentfield varchar(140),
parenttype varchar(140),
index parent(parent))
			ENGINE=InnoDB
			ROW_FORMAT=DYNAMIC
			CHARACTER SET=utf8mb4
			COLLATE=utf8mb4_unicode_ci
2026-06-09 04:20:57,934 WARNING database DDL Query made to DB:
create table `tabSalary Withholding` (
			name varchar(140) primary key,
			creation datetime(6),
			modified datetime(6),
			modified_by varchar(140),
			owner varchar(140),
			docstatus tinyint not null default '0',
			idx int not null default '0',
			`employee` varchar(140),
`employee_name` varchar(140),
`company` varchar(140),
`posting_date` date,
`payroll_frequency` varchar(140),
`number_of_withholding_cycles` int(11) NOT NULL DEFAULT 0,
`status` varchar(140) DEFAULT 'Draft',
`from_date` date,
`to_date` date,
`date_of_joining` date,
`relieving_date` date,
`reason_for_withholding_salary` text,
`amended_from` varchar(140),
`_user_tags` text,
`_comments` text,
`_assign` text,
`_liked_by` text,
index `employee`(`employee`),
index `amended_from`(`amended_from`),
index creation(creation))
			ENGINE=InnoDB
			ROW_FORMAT=DYNAMIC
			CHARACTER SET=utf8mb4
			COLLATE=utf8mb4_unicode_ci
2026-06-09 04:20:58,040 WARNING database DDL Query made to DB:
create table `tabSalary Slip` (
			name varchar(140) primary key,
			creation datetime(6),
			modified datetime(6),
			modified_by varchar(140),
			owner varchar(140),
			docstatus tinyint not null default '0',
			idx int not null default '0',
			`employee` varchar(140),
`employee_name` varchar(140),
`company` varchar(140),
`department` varchar(140),
`designation` varchar(140),
`branch` varchar(140),
`posting_date` date,
`letter_head` varchar(140),
`status` varchar(140),
`salary_withholding` varchar(140),
`salary_withholding_cycle` varchar(140),
`currency` varchar(140),
`exchange_rate` decimal(21,9) NOT NULL DEFAULT 1.0,
`payroll_frequency` varchar(140),
`start_date` date,
`end_date` date,
`salary_structure` varchar(140),
`payroll_entry` varchar(140),
`current_payroll_period` varchar(140),
`mode_of_payment` varchar(140),
`salary_slip_based_on_timesheet` tinyint(4) NOT NULL DEFAULT 0,
`deduct_tax_for_unsubmitted_tax_exemption_proof` tinyint(4) NOT NULL DEFAULT 0,
`total_working_days` decimal(21,9) NOT NULL DEFAULT 0.0,
`unmarked_days` decimal(21,9) NOT NULL DEFAULT 0.0,
`leave_without_pay` decimal(21,9) NOT NULL DEFAULT 0.0,
`absent_days` decimal(21,9) NOT NULL DEFAULT 0.0,
`payment_days` decimal(21,9) NOT NULL DEFAULT 0.0,
`total_working_hours` decimal(21,9) NOT NULL DEFAULT 0.0,
`hour_rate` decimal(21,9) NOT NULL DEFAULT 0.0,
`base_hour_rate` decimal(21,9) NOT NULL DEFAULT 0.0,
`gross_pay` decimal(21,9) NOT NULL DEFAULT 0.0,
`base_gross_pay` decimal(21,9) NOT NULL DEFAULT 0.0,
`gross_year_to_date` decimal(21,9) NOT NULL DEFAULT 0.0,
`base_gross_year_to_date` decimal(21,9) NOT NULL DEFAULT 0.0,
`total_deduction` decimal(21,9) NOT NULL DEFAULT 0.0,
`base_total_deduction` decimal(21,9) NOT NULL DEFAULT 0.0,
`net_pay` decimal(21,9) NOT NULL DEFAULT 0.0,
`base_net_pay` decimal(21,9) NOT NULL DEFAULT 0.0,
`rounded_total` decimal(21,9) NOT NULL DEFAULT 0.0,
`base_rounded_total` decimal(21,9) NOT NULL DEFAULT 0.0,
`year_to_date` decimal(21,9) NOT NULL DEFAULT 0.0,
`base_year_to_date` decimal(21,9) NOT NULL DEFAULT 0.0,
`month_to_date` decimal(21,9) NOT NULL DEFAULT 0.0,
`base_month_to_date` decimal(21,9) NOT NULL DEFAULT 0.0,
`total_in_words` varchar(240),
`base_total_in_words` varchar(240),
`ctc` decimal(21,9) NOT NULL DEFAULT 0.0,
`income_from_other_sources` decimal(21,9) NOT NULL DEFAULT 0.0,
`total_earnings` decimal(21,9) NOT NULL DEFAULT 0.0,
`non_taxable_earnings` decimal(21,9) NOT NULL DEFAULT 0.0,
`standard_tax_exemption_amount` decimal(21,9) NOT NULL DEFAULT 0.0,
`tax_exemption_declaration` decimal(21,9) NOT NULL DEFAULT 0.0,
`deductions_before_tax_calculation` decimal(21,9) NOT NULL DEFAULT 0.0,
`annual_taxable_amount` decimal(21,9) NOT NULL DEFAULT 0.0,
`income_tax_deducted_till_date` decimal(21,9) NOT NULL DEFAULT 0.0,
`current_month_income_tax` decimal(21,9) NOT NULL DEFAULT 0.0,
`future_income_tax_deductions` decimal(21,9) NOT NULL DEFAULT 0.0,
`total_income_tax` decimal(21,9) NOT NULL DEFAULT 0.0,
`journal_entry` varchar(140),
`amended_from` varchar(140),
`bank_name` varchar(140),
`bank_account_no` varchar(140),
`_user_tags` text,
`_comments` text,
`_assign` text,
`_liked_by` text,
index `employee`(`employee`),
index `start_date`(`start_date`),
index `end_date`(`end_date`),
index `salary_structure`(`salary_structure`),
index `payroll_entry`(`payroll_entry`),
index `current_payroll_period`(`current_payroll_period`),
index creation(creation))
			ENGINE=InnoDB
			ROW_FORMAT=DYNAMIC
			CHARACTER SET=utf8mb4
			COLLATE=utf8mb4_unicode_ci
2026-06-09 04:20:58,070 WARNING database DDL Query made to DB:
ALTER TABLE `tabSalary Slip`
				ADD INDEX IF NOT EXISTS `employee_start_date_end_date_index`(employee, start_date, end_date)
2026-06-09 04:20:58,147 WARNING database DDL Query made to DB:
create table `tabSalary Component Account` (
			name varchar(140) primary key,
			creation datetime(6),
			modified datetime(6),
			modified_by varchar(140),
			owner varchar(140),
			docstatus tinyint not null default '0',
			idx int not null default '0',
			`company` varchar(140),
`account` varchar(140),
parent varchar(140),
parentfield varchar(140),
parenttype varchar(140),
index parent(parent))
			ENGINE=InnoDB
			ROW_FORMAT=DYNAMIC
			CHARACTER SET=utf8mb4
			COLLATE=utf8mb4_unicode_ci
2026-06-09 04:20:58,277 WARNING database DDL Query made to DB:
create table `tabSalary Detail` (
			name varchar(140) primary key,
			creation datetime(6),
			modified datetime(6),
			modified_by varchar(140),
			owner varchar(140),
			docstatus tinyint not null default '0',
			idx int not null default '0',
			`salary_component` varchar(140),
`abbr` varchar(140),
`amount` decimal(21,9) NOT NULL DEFAULT 0.0,
`year_to_date` decimal(21,9) NOT NULL DEFAULT 0.0,
`additional_salary` varchar(140),
`is_recurring_additional_salary` tinyint(4) NOT NULL DEFAULT 0,
`statistical_component` tinyint(4) NOT NULL DEFAULT 0,
`depends_on_payment_days` tinyint(4) NOT NULL DEFAULT 0,
`exempted_from_income_tax` tinyint(4) NOT NULL DEFAULT 0,
`is_tax_applicable` tinyint(4) NOT NULL DEFAULT 0,
`is_flexible_benefit` tinyint(4) NOT NULL DEFAULT 0,
`variable_based_on_taxable_salary` tinyint(4) NOT NULL DEFAULT 0,
`do_not_include_in_total` tinyint(4) NOT NULL DEFAULT 0,
`do_not_include_in_accounts` tinyint(4) NOT NULL DEFAULT 0,
`accrual_component` tinyint(4) NOT NULL DEFAULT 0,
`deduct_full_tax_on_selected_payroll_date` tinyint(4) NOT NULL DEFAULT 0,
`condition` longtext,
`amount_based_on_formula` tinyint(4) NOT NULL DEFAULT 0,
`formula` longtext,
`default_amount` decimal(21,9) NOT NULL DEFAULT 0.0,
`additional_amount` decimal(21,9) NOT NULL DEFAULT 0.0,
`tax_on_flexible_benefit` decimal(21,9) NOT NULL DEFAULT 0.0,
`tax_on_additional_salary` decimal(21,9) NOT NULL DEFAULT 0.0,
index `salary_component`(`salary_component`),
index `exempted_from_income_tax`(`exempted_from_income_tax`),
index `is_tax_applicable`(`is_tax_applicable`),
index `variable_based_on_taxable_salary`(`variable_based_on_taxable_salary`),
parent varchar(140),
parentfield varchar(140),
parenttype varchar(140),
index parent(parent))
			ENGINE=InnoDB
			ROW_FORMAT=DYNAMIC
			CHARACTER SET=utf8mb4
			COLLATE=utf8mb4_unicode_ci
2026-06-09 04:20:58,329 WARNING database DDL Query made to DB:
create table `tabEmployee Benefit Application` (
			name varchar(140) primary key,
			creation datetime(6),
			modified datetime(6),
			modified_by varchar(140),
			owner varchar(140),
			docstatus tinyint not null default '0',
			idx int not null default '0',
			`employee` varchar(140),
`employee_name` varchar(140),
`department` varchar(140),
`date` date,
`payroll_period` varchar(140),
`company` varchar(140),
`amended_from` varchar(140),
`currency` varchar(140),
`max_benefits` decimal(21,9) NOT NULL DEFAULT 0.0,
`remaining_benefit` decimal(21,9) NOT NULL DEFAULT 0.0,
`total_amount` decimal(21,9) NOT NULL DEFAULT 0.0,
`_user_tags` text,
`_comments` text,
`_assign` text,
`_liked_by` text,
index creation(creation))
			ENGINE=InnoDB
			ROW_FORMAT=DYNAMIC
			CHARACTER SET=utf8mb4
			COLLATE=utf8mb4_unicode_ci
2026-06-09 04:20:58,406 WARNING database DDL Query made to DB:
create table `tabSalary Structure Assignment` (
			name varchar(140) primary key,
			creation datetime(6),
			modified datetime(6),
			modified_by varchar(140),
			owner varchar(140),
			docstatus tinyint not null default '0',
			idx int not null default '0',
			`employee` varchar(140),
`employee_name` varchar(140),
`department` varchar(140),
`designation` varchar(140),
`grade` varchar(140),
`salary_structure` varchar(140),
`from_date` date,
`income_tax_slab` varchar(140),
`company` varchar(140),
`payroll_payable_account` varchar(140),
`currency` varchar(140),
`base` decimal(21,9) NOT NULL DEFAULT 0.0,
`ctc` decimal(21,9) NOT NULL DEFAULT 0.0,
`variable` decimal(21,9) NOT NULL DEFAULT 0.0,
`amended_from` varchar(140),
`leave_encashment_amount_per_day` decimal(21,9) NOT NULL DEFAULT 0.0,
`taxable_earnings_till_date` decimal(21,9) NOT NULL DEFAULT 0.0,
`tax_deducted_till_date` decimal(21,9) NOT NULL DEFAULT 0.0,
`max_benefits` decimal(21,9) NOT NULL DEFAULT 0.0,
`_user_tags` text,
`_comments` text,
`_assign` text,
`_liked_by` text,
index `employee`(`employee`),
index `salary_structure`(`salary_structure`),
index creation(creation))
			ENGINE=InnoDB
			ROW_FORMAT=DYNAMIC
			CHARACTER SET=utf8mb4
			COLLATE=utf8mb4_unicode_ci
2026-06-09 04:20:58,450 WARNING database DDL Query made to DB:
create table `tabIncome Tax Slab Other Charges` (
			name varchar(140) primary key,
			creation datetime(6),
			modified datetime(6),
			modified_by varchar(140),
			owner varchar(140),
			docstatus tinyint not null default '0',
			idx int not null default '0',
			`description` varchar(140),
`percent` decimal(21,9) NOT NULL DEFAULT 0.0,
`min_taxable_income` decimal(21,9) NOT NULL DEFAULT 0.0,
`max_taxable_income` decimal(21,9) NOT NULL DEFAULT 0.0,
parent varchar(140),
parentfield varchar(140),
parenttype varchar(140),
index parent(parent))
			ENGINE=InnoDB
			ROW_FORMAT=DYNAMIC
			CHARACTER SET=utf8mb4
			COLLATE=utf8mb4_unicode_ci
2026-06-09 04:20:58,490 WARNING database DDL Query made to DB:
create table `tabRetention Bonus` (
			name varchar(140) primary key,
			creation datetime(6),
			modified datetime(6),
			modified_by varchar(140),
			owner varchar(140),
			docstatus tinyint not null default '0',
			idx int not null default '0',
			`employee` varchar(140),
`employee_name` varchar(140),
`department` varchar(140),
`company` varchar(140),
`date_of_joining` varchar(140),
`salary_component` varchar(140),
`bonus_amount` decimal(21,9) NOT NULL DEFAULT 0.0,
`bonus_payment_date` date,
`currency` varchar(140),
`amended_from` varchar(140),
`_user_tags` text,
`_comments` text,
`_assign` text,
`_liked_by` text,
index creation(creation))
			ENGINE=InnoDB
			ROW_FORMAT=DYNAMIC
			CHARACTER SET=utf8mb4
			COLLATE=utf8mb4_unicode_ci
2026-06-09 04:20:58,533 WARNING database DDL Query made to DB:
create table `tabPayroll Period Date` (
			name varchar(140) primary key,
			creation datetime(6),
			modified datetime(6),
			modified_by varchar(140),
			owner varchar(140),
			docstatus tinyint not null default '0',
			idx int not null default '0',
			`start_date` date,
`end_date` date,
parent varchar(140),
parentfield varchar(140),
parenttype varchar(140),
index parent(parent))
			ENGINE=InnoDB
			ROW_FORMAT=DYNAMIC
			CHARACTER SET=utf8mb4
			COLLATE=utf8mb4_unicode_ci
2026-06-09 04:20:58,625 WARNING database DDL Query made to DB:
create table `tabPayroll Correction` (
			name varchar(140) primary key,
			creation datetime(6),
			modified datetime(6),
			modified_by varchar(140),
			owner varchar(140),
			docstatus tinyint not null default '0',
			idx int not null default '0',
			`amended_from` varchar(140),
`employee` varchar(140),
`employee_name` varchar(140),
`payroll_date` date,
`company` varchar(140),
`payroll_period` varchar(140),
`currency` varchar(140),
`month_for_lwp_reversal` varchar(140),
`working_days` decimal(21,9) NOT NULL DEFAULT 0.0,
`payment_days` decimal(21,9) NOT NULL DEFAULT 0.0,
`lwp_days` decimal(21,9) NOT NULL DEFAULT 0.0,
`salary_slip_reference` varchar(140),
`days_to_reverse` decimal(21,9) NOT NULL DEFAULT 0.0,
`_user_tags` text,
`_comments` text,
`_assign` text,
`_liked_by` text,
index `amended_from`(`amended_from`),
index creation(creation),
index modified(modified))
			ENGINE=InnoDB
			ROW_FORMAT=DYNAMIC
			CHARACTER SET=utf8mb4
			COLLATE=utf8mb4_unicode_ci
2026-06-09 04:20:58,667 WARNING database DDL Query made to DB:
create table `tabPayroll Period` (
			name varchar(140) primary key,
			creation datetime(6),
			modified datetime(6),
			modified_by varchar(140),
			owner varchar(140),
			docstatus tinyint not null default '0',
			idx int not null default '0',
			`company` varchar(140),
`start_date` date,
`end_date` date,
`_user_tags` text,
`_comments` text,
`_assign` text,
`_liked_by` text,
index creation(creation))
			ENGINE=InnoDB
			ROW_FORMAT=DYNAMIC
			CHARACTER SET=utf8mb4
			COLLATE=utf8mb4_unicode_ci
2026-06-09 04:20:58,713 WARNING database DDL Query made to DB:
create table `tabEmployee Incentive` (
			name varchar(140) primary key,
			creation datetime(6),
			modified datetime(6),
			modified_by varchar(140),
			owner varchar(140),
			docstatus tinyint not null default '0',
			idx int not null default '0',
			`employee` varchar(140),
`employee_name` varchar(140),
`amended_from` varchar(140),
`company` varchar(140),
`department` varchar(140),
`salary_component` varchar(140),
`currency` varchar(140),
`payroll_date` date,
`incentive_amount` decimal(21,9) NOT NULL DEFAULT 0.0,
`_user_tags` text,
`_comments` text,
`_assign` text,
`_liked_by` text,
index creation(creation))
			ENGINE=InnoDB
			ROW_FORMAT=DYNAMIC
			CHARACTER SET=utf8mb4
			COLLATE=utf8mb4_unicode_ci
2026-06-09 04:20:58,746 WARNING database DDL Query made to DB:
create table `tabGratuity Rule Slab` (
			name varchar(140) primary key,
			creation datetime(6),
			modified datetime(6),
			modified_by varchar(140),
			owner varchar(140),
			docstatus tinyint not null default '0',
			idx int not null default '0',
			`from_year` int(11) NOT NULL DEFAULT 0,
`to_year` int(11) NOT NULL DEFAULT 0,
`fraction_of_applicable_earnings` decimal(21,9) NOT NULL DEFAULT 0.0,
parent varchar(140),
parentfield varchar(140),
parenttype varchar(140),
index parent(parent))
			ENGINE=InnoDB
			ROW_FORMAT=DYNAMIC
			CHARACTER SET=utf8mb4
			COLLATE=utf8mb4_unicode_ci
2026-06-09 04:20:58,799 WARNING database DDL Query made to DB:
create table `tabEmployee Tax Exemption Proof Submission` (
			name varchar(140) primary key,
			creation datetime(6),
			modified datetime(6),
			modified_by varchar(140),
			owner varchar(140),
			docstatus tinyint not null default '0',
			idx int not null default '0',
			`employee` varchar(140),
`employee_name` varchar(140),
`department` varchar(140),
`currency` varchar(140),
`amended_from` varchar(140),
`submission_date` date,
`payroll_period` varchar(140),
`company` varchar(140),
`total_actual_amount` decimal(21,9) NOT NULL DEFAULT 0.0,
`exemption_amount` decimal(21,9) NOT NULL DEFAULT 0.0,
`attachments` text,
`_user_tags` text,
`_comments` text,
`_assign` text,
`_liked_by` text,
index creation(creation))
			ENGINE=InnoDB
			ROW_FORMAT=DYNAMIC
			CHARACTER SET=utf8mb4
			COLLATE=utf8mb4_unicode_ci
2026-06-09 04:20:58,857 WARNING database DDL Query made to DB:
create table `tabIncome Tax Slab` (
			name varchar(140) primary key,
			creation datetime(6),
			modified datetime(6),
			modified_by varchar(140),
			owner varchar(140),
			docstatus tinyint not null default '0',
			idx int not null default '0',
			`disabled` tinyint(4) NOT NULL DEFAULT 0,
`effective_from` date,
`company` varchar(140),
`currency` varchar(140),
`standard_tax_exemption_amount` decimal(21,9) NOT NULL DEFAULT 0.0,
`allow_tax_exemption` tinyint(4) NOT NULL DEFAULT 0,
`amended_from` varchar(140),
`tax_relief_limit` decimal(21,9) NOT NULL DEFAULT 0.0,
`_user_tags` text,
`_comments` text,
`_assign` text,
`_liked_by` text,
index creation(creation))
			ENGINE=InnoDB
			ROW_FORMAT=DYNAMIC
			CHARACTER SET=utf8mb4
			COLLATE=utf8mb4_unicode_ci
2026-06-09 04:20:58,903 WARNING database DDL Query made to DB:
create table `tabGratuity Applicable Component` (
			name varchar(140) primary key,
			creation datetime(6),
			modified datetime(6),
			modified_by varchar(140),
			owner varchar(140),
			docstatus tinyint not null default '0',
			idx int not null default '0',
			`salary_component` varchar(140),
parent varchar(140),
parentfield varchar(140),
parenttype varchar(140),
index parent(parent))
			ENGINE=InnoDB
			ROW_FORMAT=DYNAMIC
			CHARACTER SET=utf8mb4
			COLLATE=utf8mb4_unicode_ci
2026-06-09 04:20:58,980 WARNING database DDL Query made to DB:
create table `tabPayroll Entry` (
			name varchar(140) primary key,
			creation datetime(6),
			modified datetime(6),
			modified_by varchar(140),
			owner varchar(140),
			docstatus tinyint not null default '0',
			idx int not null default '0',
			`posting_date` date,
`company` varchar(140),
`currency` varchar(140),
`exchange_rate` decimal(21,9) NOT NULL DEFAULT 0.0,
`payroll_payable_account` varchar(140),
`status` varchar(140),
`salary_slip_based_on_timesheet` tinyint(4) NOT NULL DEFAULT 0,
`payroll_frequency` varchar(140),
`start_date` date,
`end_date` date,
`deduct_tax_for_unsubmitted_tax_exemption_proof` tinyint(4) NOT NULL DEFAULT 0,
`branch` varchar(140),
`department` varchar(140),
`designation` varchar(140),
`grade` varchar(140),
`number_of_employees` int(11) NOT NULL DEFAULT 0,
`validate_attendance` tinyint(4) NOT NULL DEFAULT 0,
`cost_center` varchar(140),
`project` varchar(140),
`payment_account` varchar(140),
`bank_account` varchar(140),
`salary_slips_created` tinyint(4) NOT NULL DEFAULT 0,
`salary_slips_submitted` tinyint(4) NOT NULL DEFAULT 0,
`overtime_step` varchar(140),
`error_message` text,
`amended_from` varchar(140),
`_user_tags` text,
`_comments` text,
`_assign` text,
`_liked_by` text,
index creation(creation))
			ENGINE=InnoDB
			ROW_FORMAT=DYNAMIC
			CHARACTER SET=utf8mb4
			COLLATE=utf8mb4_unicode_ci
2026-06-09 04:20:59,021 WARNING database DDL Query made to DB:
create table `tabEmployee Benefit Detail` (
			name varchar(140) primary key,
			creation datetime(6),
			modified datetime(6),
			modified_by varchar(140),
			owner varchar(140),
			docstatus tinyint not null default '0',
			idx int not null default '0',
			`salary_component` varchar(140),
`amount` decimal(21,9) NOT NULL DEFAULT 0.0,
parent varchar(140),
parentfield varchar(140),
parenttype varchar(140),
index parent(parent))
			ENGINE=InnoDB
			ROW_FORMAT=DYNAMIC
			CHARACTER SET=utf8mb4
			COLLATE=utf8mb4_unicode_ci
2026-06-09 04:20:59,083 WARNING database DDL Query made to DB:
create table `tabSalary Withholding Cycle` (
			name varchar(140) primary key,
			creation datetime(6),
			modified datetime(6),
			modified_by varchar(140),
			owner varchar(140),
			docstatus tinyint not null default '0',
			idx int not null default '0',
			`from_date` date,
`to_date` date,
`is_salary_released` tinyint(4) NOT NULL DEFAULT 0,
`journal_entry` varchar(140),
parent varchar(140),
parentfield varchar(140),
parenttype varchar(140),
index parent(parent))
			ENGINE=InnoDB
			ROW_FORMAT=DYNAMIC
			CHARACTER SET=utf8mb4
			COLLATE=utf8mb4_unicode_ci
2026-06-09 04:20:59,132 WARNING database DDL Query made to DB:
create table `tabSalary Component` (
			name varchar(140) primary key,
			creation datetime(6),
			modified datetime(6),
			modified_by varchar(140),
			owner varchar(140),
			docstatus tinyint not null default '0',
			idx int not null default '0',
			`salary_component` varchar(140) UNIQUE,
`salary_component_abbr` varchar(140),
`type` varchar(140),
`description` text,
`depends_on_payment_days` tinyint(4) NOT NULL DEFAULT 1,
`is_tax_applicable` tinyint(4) NOT NULL DEFAULT 1,
`deduct_full_tax_on_selected_payroll_date` tinyint(4) NOT NULL DEFAULT 0,
`variable_based_on_taxable_salary` tinyint(4) NOT NULL DEFAULT 0,
`is_income_tax_component` tinyint(4) NOT NULL DEFAULT 0,
`exempted_from_income_tax` tinyint(4) NOT NULL DEFAULT 0,
`round_to_the_nearest_integer` tinyint(4) NOT NULL DEFAULT 0,
`statistical_component` tinyint(4) NOT NULL DEFAULT 0,
`accrual_component` tinyint(4) NOT NULL DEFAULT 0,
`do_not_include_in_total` tinyint(4) NOT NULL DEFAULT 0,
`do_not_include_in_accounts` tinyint(4) NOT NULL DEFAULT 0,
`remove_if_zero_valued` tinyint(4) NOT NULL DEFAULT 1,
`arrear_component` tinyint(4) NOT NULL DEFAULT 0,
`disabled` tinyint(4) NOT NULL DEFAULT 0,
`condition` longtext,
`amount` decimal(21,9) NOT NULL DEFAULT 0.0,
`amount_based_on_formula` tinyint(4) NOT NULL DEFAULT 0,
`formula` longtext,
`is_flexible_benefit` tinyint(4) NOT NULL DEFAULT 0,
`payout_method` varchar(140),
`final_cycle_accrual_payout` tinyint(4) NOT NULL DEFAULT 0,
`max_benefit_amount` decimal(21,9) NOT NULL DEFAULT 0.0,
`_user_tags` text,
`_comments` text,
`_assign` text,
`_liked_by` text,
index `variable_based_on_taxable_salary`(`variable_based_on_taxable_salary`),
index creation(creation))
			ENGINE=InnoDB
			ROW_FORMAT=DYNAMIC
			CHARACTER SET=utf8mb4
			COLLATE=utf8mb4_unicode_ci
2026-06-09 04:20:59,215 WARNING database DDL Query made to DB:
create table `tabGratuity` (
			name varchar(140) primary key,
			creation datetime(6),
			modified datetime(6),
			modified_by varchar(140),
			owner varchar(140),
			docstatus tinyint not null default '0',
			idx int not null default '0',
			`employee` varchar(140),
`employee_name` varchar(140),
`department` varchar(140),
`designation` varchar(140),
`current_work_experience` decimal(21,9) NOT NULL DEFAULT 0.0,
`posting_date` date,
`gratuity_rule` varchar(140),
`status` varchar(140) DEFAULT 'Draft',
`company` varchar(140),
`amended_from` varchar(140),
`pay_via_salary_slip` tinyint(4) NOT NULL DEFAULT 1,
`amount` decimal(21,9) NOT NULL DEFAULT 0.0,
`paid_amount` decimal(21,9) NOT NULL DEFAULT 0.0,
`payroll_date` date,
`salary_component` varchar(140),
`cost_center` varchar(140),
`mode_of_payment` varchar(140),
`expense_account` varchar(140),
`payable_account` varchar(140),
`_user_tags` text,
`_comments` text,
`_assign` text,
`_liked_by` text,
index `employee`(`employee`),
index creation(creation))
			ENGINE=InnoDB
			ROW_FORMAT=DYNAMIC
			CHARACTER SET=utf8mb4
			COLLATE=utf8mb4_unicode_ci
2026-06-09 04:20:59,279 WARNING database DDL Query made to DB:
create table `tabEmployee Tax Exemption Proof Submission Detail` (
			name varchar(140) primary key,
			creation datetime(6),
			modified datetime(6),
			modified_by varchar(140),
			owner varchar(140),
			docstatus tinyint not null default '0',
			idx int not null default '0',
			`exemption_sub_category` varchar(140),
`exemption_category` varchar(140),
`max_amount` decimal(21,9) NOT NULL DEFAULT 0.0,
`amount` decimal(21,9) NOT NULL DEFAULT 0.0,
`type_of_proof` varchar(140),
`attach_proof` text,
parent varchar(140),
parentfield varchar(140),
parenttype varchar(140),
index parent(parent))
			ENGINE=InnoDB
			ROW_FORMAT=DYNAMIC
			CHARACTER SET=utf8mb4
			COLLATE=utf8mb4_unicode_ci
2026-06-09 04:21:00,220 WARNING database DDL Query made to DB:
ALTER TABLE `tabCompany` ADD COLUMN `default_expense_claim_payable_account` varchar(140), ADD COLUMN `default_employee_advance_account` varchar(140), ADD COLUMN `default_payroll_payable_account` varchar(140)
2026-06-09 04:21:00,278 WARNING database DDL Query made to DB:
ALTER TABLE `tabEmployee` ADD COLUMN `employment_type` varchar(140), ADD COLUMN `grade` varchar(140), ADD COLUMN `default_shift` varchar(140), ADD COLUMN `expense_approver` varchar(140), ADD COLUMN `leave_approver` varchar(140), ADD COLUMN `shift_request_approver` varchar(140), ADD COLUMN `employee_advance_account` varchar(140), ADD COLUMN `payroll_cost_center` varchar(140), ADD COLUMN `health_insurance_provider` varchar(140), ADD COLUMN `health_insurance_no` varchar(140), ADD COLUMN `job_applicant` varchar(140)
2026-06-09 04:21:00,316 WARNING database DDL Query made to DB:
ALTER TABLE `tabTask` ADD COLUMN `total_expense_claim` decimal(21,9) NOT NULL DEFAULT 0.0
2026-06-09 04:21:00,370 WARNING database DDL Query made to DB:
ALTER TABLE `tabDesignation` ADD COLUMN `appraisal_template` varchar(140)
2026-06-09 04:21:00,399 WARNING database DDL Query made to DB:
ALTER TABLE `tabTerms and Conditions` ADD COLUMN `hr` tinyint(4) NOT NULL DEFAULT 1
2026-06-09 04:21:00,445 WARNING database DDL Query made to DB:
ALTER TABLE `tabProject` ADD COLUMN `total_expense_claim` decimal(21,9) NOT NULL DEFAULT 0.0
2026-06-09 04:21:00,494 WARNING database DDL Query made to DB:
ALTER TABLE `tabTimesheet` ADD COLUMN `salary_slip` varchar(140)
2026-06-09 04:21:00,519 WARNING database DDL Query made to DB:
ALTER TABLE `tabDepartment` ADD COLUMN `payroll_cost_center` varchar(140), ADD COLUMN `leave_block_list` varchar(140)
2026-06-09 04:35:31,430 WARNING database DDL Query made to DB:
create table `tabSeason` (
			name varchar(140) primary key,
			creation datetime(6),
			modified datetime(6),
			modified_by varchar(140),
			owner varchar(140),
			docstatus tinyint not null default '0',
			idx int not null default '0',
			`_user_tags` text,
`_comments` text,
`_assign` text,
`_liked_by` text,
index creation(creation))
			ENGINE=InnoDB
			ROW_FORMAT=DYNAMIC
			CHARACTER SET=utf8mb4
			COLLATE=utf8mb4_unicode_ci
2026-06-09 04:35:51,343 WARNING database DDL Query made to DB:
ALTER TABLE `tabSeason` ADD COLUMN `name1` varchar(140)
2026-06-09 04:36:02,257 WARNING database DDL Query made to DB:
ALTER TABLE `tabItem` ADD COLUMN `custom_season` varchar(140)
2026-06-09 04:36:02,418 WARNING database DDL Query made to DB:
ALTER TABLE `tabItem` ADD COLUMN `custom_shrinkage_percentage` decimal(21,9) NOT NULL DEFAULT 0.0
2026-06-09 04:38:39,882 WARNING database DDL Query made to DB:
ALTER TABLE `tabBatch` ADD COLUMN `custom_dye_lot_number` varchar(140)
2026-06-09 04:38:39,984 WARNING database DDL Query made to DB:
ALTER TABLE `tabBatch` ADD COLUMN `custom_roll_length_meters` decimal(21,9) NOT NULL DEFAULT 0.0
2026-06-09 04:42:59,332 WARNING database DDL Query made to DB:
create table `tabStorage Bin` (
			name varchar(140) primary key,
			creation datetime(6),
			modified datetime(6),
			modified_by varchar(140),
			owner varchar(140),
			docstatus tinyint not null default '0',
			idx int not null default '0',
			`_user_tags` text,
`_comments` text,
`_assign` text,
`_liked_by` text,
index creation(creation))
			ENGINE=InnoDB
			ROW_FORMAT=DYNAMIC
			CHARACTER SET=utf8mb4
			COLLATE=utf8mb4_unicode_ci
2026-06-09 04:43:59,653 WARNING database DDL Query made to DB:
ALTER TABLE `tabStorage Bin` ADD COLUMN `bin_id` varchar(140), ADD COLUMN `warehouse` varchar(140)
2026-06-09 04:45:51,604 WARNING database DDL Query made to DB:
ALTER TABLE `tabStorage Bin` ADD COLUMN `current_item` varchar(140), ADD COLUMN `max_capacity` decimal(21,9) NOT NULL DEFAULT 0.0, ADD COLUMN `barcode_qr_code` varchar(140)
2026-06-10 11:45:27,912 WARNING database DDL Query made to DB:
create table `tabtest` (
			name varchar(140) primary key,
			creation datetime(6),
			modified datetime(6),
			modified_by varchar(140),
			owner varchar(140),
			docstatus tinyint not null default '0',
			idx int not null default '0',
			`_user_tags` text,
`_comments` text,
`_assign` text,
`_liked_by` text,
index creation(creation))
			ENGINE=InnoDB
			ROW_FORMAT=DYNAMIC
			CHARACTER SET=utf8mb4
			COLLATE=utf8mb4_unicode_ci
2026-08-30 14:18:30,831 WARNING database DDL Query made to DB:
ALTER TABLE `tabSupplier Scorecard` ADD COLUMN `item_group` varchar(140), ADD COLUMN `promised_lead_time_days` int(11) NOT NULL DEFAULT 0, ADD COLUMN `actual_average_lead_time_days` decimal(21,9) NOT NULL DEFAULT 0.0, ADD COLUMN `reliability_score` decimal(21,9) NOT NULL DEFAULT 0.0, ADD COLUMN `last_updated_on` date, ADD COLUMN `remarks` longtext
2026-08-30 14:18:30,847 WARNING database DDL Query made to DB:
ALTER TABLE `tabSupplier Scorecard` ADD INDEX `modified`(`modified`)
2026-08-30 14:18:30,864 WARNING database DDL Query made to DB:
ALTER TABLE `tabSupplier Scorecard` DROP INDEX `supplier`
2026-08-30 14:18:38,537 WARNING database DDL Query made to DB:
ALTER TABLE `tabStock Entry` ADD COLUMN `custom_production_order_ref` varchar(140)
2026-08-30 14:18:38,616 WARNING database DDL Query made to DB:
ALTER TABLE `tabStock Entry` ADD COLUMN `custom_wastage_scrap_qty` decimal(21,9) NOT NULL DEFAULT 0.0
2026-08-30 14:18:38,668 WARNING database DDL Query made to DB:
ALTER TABLE `tabItem Reorder` ADD COLUMN `custom_dynamic_lead_time_days` int(11) NOT NULL DEFAULT 0
2026-08-30 14:18:38,704 WARNING database DDL Query made to DB:
ALTER TABLE `tabItem Reorder` ADD COLUMN `custom_safety_stock_qty` decimal(21,9) NOT NULL DEFAULT 0.0
2026-08-30 14:18:38,755 WARNING database DDL Query made to DB:
ALTER TABLE `tabMaterial Request` ADD COLUMN `custom_generated_by` varchar(140)
2026-08-30 14:21:21,344 WARNING database DDL Query made to DB:
ALTER TABLE `tabSupplier Scorecard` ADD UNIQUE INDEX IF NOT EXISTS supplier (`supplier`)
2026-08-30 14:21:22,243 WARNING database DDL Query made to DB:
ALTER TABLE `tabSupplier Scorecard` DROP INDEX `supplier`
2026-08-30 14:33:13,753 WARNING database DDL Query made to DB:
ALTER TABLE `tabSales Invoice` ADD COLUMN `shipping_contact_person` varchar(140), ADD COLUMN `shipping_contact_display` text, ADD COLUMN `shipping_contact_mobile` text, ADD COLUMN `shipping_contact_email` varchar(140)
2026-08-30 14:33:13,991 WARNING database DDL Query made to DB:
ALTER TABLE `tabBank Account Balance` ADD COLUMN `company` varchar(140)
2026-08-30 14:33:14,116 WARNING database DDL Query made to DB:
ALTER TABLE `tabProcess Statement Of Accounts` ADD COLUMN `show_opening_entries` tinyint(4) NOT NULL DEFAULT 0
2026-08-30 14:33:14,517 WARNING database DDL Query made to DB:
ALTER TABLE `tabOpening Invoice Creation Tool Item` ADD COLUMN `project` varchar(140)
2026-08-30 14:33:14,894 WARNING database DDL Query made to DB:
ALTER TABLE `tabSales Invoice Item` ADD COLUMN `is_product_bundle` tinyint(4) NOT NULL DEFAULT 0, ADD COLUMN `product_bundle` varchar(140)
2026-08-30 14:33:15,147 WARNING database DDL Query made to DB:
ALTER TABLE `tabRepost Accounting Ledger` ADD COLUMN `status` varchar(140), ADD COLUMN `error_log` longtext, ADD COLUMN `scheduled_job` varchar(140)
2026-08-30 14:33:15,767 WARNING database DDL Query made to DB:
ALTER TABLE `tabRepost Accounting Ledger Items` ADD COLUMN `status` varchar(140) DEFAULT 'Pending', ADD COLUMN `traceback` longtext
2026-08-30 14:33:16,338 WARNING database DDL Query made to DB:
ALTER TABLE `tabPurchase Taxes and Charges` ADD COLUMN `allocate_full_amount_to_stock_items` tinyint(4) NOT NULL DEFAULT 1
2026-08-30 14:33:16,628 WARNING database DDL Query made to DB:
ALTER TABLE `tabPOS Invoice Item` ADD COLUMN `is_product_bundle` tinyint(4) NOT NULL DEFAULT 0, ADD COLUMN `product_bundle` varchar(140)
2026-08-30 14:33:17,357 WARNING database DDL Query made to DB:
ALTER TABLE `tabSubscription` ADD COLUMN `next_billing_period_start` date, ADD COLUMN `next_billing_period_end` date
2026-08-30 14:33:17,367 WARNING database DDL Query made to DB:
ALTER TABLE `tabSubscription` MODIFY `generate_invoice_at` varchar(140) DEFAULT 'Postpaid (bill at period end)'
2026-08-30 14:33:18,522 WARNING database DDL Query made to DB:
ALTER TABLE `tabPayment Reference` ADD COLUMN `currency` varchar(140)
2026-08-30 14:33:19,890 WARNING database DDL Query made to DB:
ALTER TABLE `tabAppointment` ADD COLUMN `created_through_portal` tinyint(4) NOT NULL DEFAULT 0, ADD COLUMN `email_verified` tinyint(4) NOT NULL DEFAULT 0, ADD COLUMN `verification_token` varchar(140)
2026-08-30 14:33:19,906 WARNING database DDL Query made to DB:
ALTER TABLE `tabAppointment` ADD INDEX `scheduled_time_index`(`scheduled_time`), ADD INDEX `verification_token_index`(`verification_token`)
2026-08-30 14:33:20,145 WARNING database DDL Query made to DB:
create table `tabFrappe CRM Allowed User` (
			name varchar(140) primary key,
			creation datetime(6),
			modified datetime(6),
			modified_by varchar(140),
			owner varchar(140),
			docstatus tinyint not null default '0',
			idx int not null default '0',
			`user` varchar(140),
parent varchar(140),
parentfield varchar(140),
parenttype varchar(140),
index parent(parent))
			ENGINE=InnoDB
			ROW_FORMAT=DYNAMIC
			CHARACTER SET=utf8mb4
			COLLATE=utf8mb4_unicode_ci
2026-08-30 14:33:20,780 WARNING database DDL Query made to DB:
ALTER TABLE `tabRequest for Quotation Item` ADD COLUMN `cost_center` varchar(140)
2026-08-30 14:33:21,256 WARNING database DDL Query made to DB:
ALTER TABLE `tabSupplier` ADD COLUMN `alias` varchar(140) UNIQUE, ADD COLUMN `restrict_to_companies` tinyint(4) NOT NULL DEFAULT 0
2026-08-30 14:33:21,257 WARNING database DDL Query made to DB:
ALTER TABLE `tabSupplier` ADD UNIQUE INDEX IF NOT EXISTS alias (`alias`)
2026-08-30 14:33:21,732 WARNING database DDL Query made to DB:
ALTER TABLE `tabPurchase Order Item` DROP INDEX `job_card`
2026-08-30 14:33:21,855 WARNING database DDL Query made to DB:
ALTER TABLE `tabSupplier Scorecard` ADD UNIQUE INDEX IF NOT EXISTS supplier (`supplier`)
2026-08-30 14:33:22,407 WARNING database DDL Query made to DB:
ALTER TABLE `tabTimesheet` MODIFY `title` varchar(140)
2026-08-30 14:33:23,022 WARNING database DDL Query made to DB:
ALTER TABLE `tabCustomer Credit Limit` ADD COLUMN `overdue_billing_threshold` decimal(21,9) NOT NULL DEFAULT 0.0
2026-08-30 14:33:23,501 WARNING database DDL Query made to DB:
ALTER TABLE `tabSales Order` ADD COLUMN `shipping_contact_person` varchar(140), ADD COLUMN `shipping_contact_display` text, ADD COLUMN `shipping_contact_mobile` text, ADD COLUMN `shipping_contact_email` varchar(140)
2026-08-30 14:33:23,922 WARNING database DDL Query made to DB:
create table `tabProforma Invoice` (
			name varchar(140) primary key,
			creation datetime(6),
			modified datetime(6),
			modified_by varchar(140),
			owner varchar(140),
			docstatus tinyint not null default '0',
			idx int not null default '0',
			`naming_series` varchar(140),
`sales_order` varchar(140),
`customer` varchar(140),
`customer_name` varchar(140),
`company` varchar(140),
`proforma_date` date,
`currency` varchar(140),
`based_on` varchar(140) DEFAULT 'Quantity',
`hide_item_qty` tinyint(4) NOT NULL DEFAULT 0,
`total_qty` decimal(21,9) NOT NULL DEFAULT 0.0,
`grand_total` decimal(21,9) NOT NULL DEFAULT 0.0,
`print_format` varchar(140),
`letter_head` varchar(140),
`proforma_pdf` text,
`status` varchar(140) DEFAULT 'Draft',
`sent_on` datetime(6),
`emailed_to` text,
`amended_from` varchar(140),
`_user_tags` text,
`_comments` text,
`_assign` text,
`_liked_by` text,
index creation(creation))
			ENGINE=InnoDB
			ROW_FORMAT=DYNAMIC
			CHARACTER SET=utf8mb4
			COLLATE=utf8mb4_unicode_ci
2026-08-30 14:33:24,132 WARNING database DDL Query made to DB:
ALTER TABLE `tabSales Order Item` ADD COLUMN `is_product_bundle` tinyint(4) NOT NULL DEFAULT 0, ADD COLUMN `product_bundle` varchar(140), ADD COLUMN `skip_delivery` tinyint(4) NOT NULL DEFAULT 0
2026-08-30 14:33:24,223 WARNING database DDL Query made to DB:
ALTER TABLE `tabSales Team` MODIFY `commission_rate` decimal(21,9) NOT NULL DEFAULT 0.0
2026-08-30 14:33:24,624 WARNING database DDL Query made to DB:
ALTER TABLE `tabQuotation Item` ADD COLUMN `is_product_bundle` tinyint(4) NOT NULL DEFAULT 0, ADD COLUMN `product_bundle` varchar(140)
2026-08-30 14:33:24,705 WARNING database DDL Query made to DB:
create table `tabProforma Invoice Item` (
			name varchar(140) primary key,
			creation datetime(6),
			modified datetime(6),
			modified_by varchar(140),
			owner varchar(140),
			docstatus tinyint not null default '0',
			idx int not null default '0',
			`item_code` varchar(140),
`item_name` varchar(140),
`qty` decimal(21,9) NOT NULL DEFAULT 0.0,
`uom` varchar(140),
`rate` decimal(21,9) NOT NULL DEFAULT 0.0,
`amount` decimal(21,9) NOT NULL DEFAULT 0.0,
`so_detail` varchar(140),
parent varchar(140),
parentfield varchar(140),
parenttype varchar(140),
index parent(parent))
			ENGINE=InnoDB
			ROW_FORMAT=DYNAMIC
			CHARACTER SET=utf8mb4
			COLLATE=utf8mb4_unicode_ci
2026-08-30 14:33:24,913 WARNING database DDL Query made to DB:
ALTER TABLE `tabCustomer` ADD COLUMN `alias` varchar(140) UNIQUE, ADD COLUMN `restrict_to_companies` tinyint(4) NOT NULL DEFAULT 0
2026-08-30 14:33:24,914 WARNING database DDL Query made to DB:
ALTER TABLE `tabCustomer` ADD UNIQUE INDEX IF NOT EXISTS alias (`alias`)
2026-08-30 14:33:25,880 WARNING database DDL Query made to DB:
ALTER TABLE `tabSales Person` MODIFY `commission_rate` decimal(21,9) NOT NULL DEFAULT 0.0
2026-08-30 14:33:26,721 WARNING database DDL Query made to DB:
ALTER TABLE `tabCompany` ADD COLUMN `bank_charges_account` varchar(140), ADD COLUMN `exchange_gain_account` varchar(140), ADD COLUMN `exchange_loss_account` varchar(140), ADD COLUMN `expenses_added_to_stock_account` varchar(140), ADD COLUMN `expenses_added_to_stock_contra_account` varchar(140), ADD COLUMN `default_purchase_price_variance_account` varchar(140), ADD COLUMN `default_manufacturing_variance_account` varchar(140), ADD COLUMN `enable_stock_delivered_but_not_billed` tinyint(4) NOT NULL DEFAULT 0, ADD COLUMN `default_warehouse` varchar(140), ADD COLUMN `sample_retention_warehouse` varchar(140)
2026-08-30 14:33:27,467 WARNING database DDL Query made to DB:
ALTER TABLE `tabProduction Plan Sub Assembly Item` ADD COLUMN `schedule_end_date` datetime(6)
2026-08-30 14:33:27,677 WARNING database DDL Query made to DB:
ALTER TABLE `tabBOM Item` ADD COLUMN `percentage` decimal(21,9) NOT NULL DEFAULT 0.0, ADD COLUMN `is_balance_item` tinyint(4) NOT NULL DEFAULT 0
2026-08-30 14:33:27,998 WARNING database DDL Query made to DB:
create table `tabProduction Plan Schedule` (
			name varchar(140) primary key,
			creation datetime(6),
			modified datetime(6),
			modified_by varchar(140),
			owner varchar(140),
			docstatus tinyint not null default '0',
			idx int not null default '0',
			`subject` varchar(140),
`production_plan` varchar(140),
`company` varchar(140),
`row_type` varchar(140),
`plan_row` varchar(140),
`task_key` varchar(140),
`item_code` varchar(140),
`item_name` varchar(140),
`operation` varchar(140),
`workstation` varchar(140),
`supplier` varchar(140),
`from_time` datetime(6),
`to_time` datetime(6),
`duration_mins` decimal(21,9) NOT NULL DEFAULT 0.0,
`_user_tags` text,
`_comments` text,
`_assign` text,
`_liked_by` text,
index creation(creation))
			ENGINE=InnoDB
			ROW_FORMAT=DYNAMIC
			CHARACTER SET=utf8mb4
			COLLATE=utf8mb4_unicode_ci
2026-08-30 14:33:28,083 WARNING database DDL Query made to DB:
ALTER TABLE `tabProduction Plan Schedule`
				ADD INDEX IF NOT EXISTS `production_plan_index`(production_plan)
2026-08-30 14:33:28,115 WARNING database DDL Query made to DB:
ALTER TABLE `tabProduction Plan Schedule`
				ADD INDEX IF NOT EXISTS `workstation_from_time_index`(workstation, from_time)
2026-08-30 14:33:28,314 WARNING database DDL Query made to DB:
ALTER TABLE `tabJob Card` ADD COLUMN `stock_uom` varchar(140), ADD COLUMN `batch_split` tinyint(4) NOT NULL DEFAULT 0, ADD COLUMN `weight_per_piece` decimal(21,9) NOT NULL DEFAULT 0.0
2026-08-30 14:33:28,436 WARNING database DDL Query made to DB:
ALTER TABLE `tabProduction Plan Item` ADD COLUMN `planned_end_date` datetime(6)
2026-08-30 14:33:28,754 WARNING database DDL Query made to DB:
ALTER TABLE `tabBOM Operation` ADD COLUMN `batch_split` tinyint(4) NOT NULL DEFAULT 0, ADD COLUMN `weight_per_piece` decimal(21,9) NOT NULL DEFAULT 0.0
2026-08-30 14:33:28,976 WARNING database DDL Query made to DB:
ALTER TABLE `tabProduction Plan` ADD COLUMN `no_of_shifts` int(11) NOT NULL DEFAULT 0, ADD COLUMN `raw_material_group_warehouse` varchar(140)
2026-08-30 14:33:29,111 WARNING database DDL Query made to DB:
ALTER TABLE `tabWork Order Operation` ADD COLUMN `batch_split` tinyint(4) NOT NULL DEFAULT 0, ADD COLUMN `weight_per_piece` decimal(21,9) NOT NULL DEFAULT 0.0
2026-08-30 14:33:29,280 WARNING database DDL Query made to DB:
ALTER TABLE `tabBOM` ADD COLUMN `set_qty_based_on_percentage` tinyint(4) NOT NULL DEFAULT 0
2026-08-30 14:33:29,407 WARNING database DDL Query made to DB:
ALTER TABLE `tabMaterial Request Plan Item` ADD COLUMN `supplier` varchar(140)
2026-08-30 14:33:29,495 WARNING database DDL Query made to DB:
ALTER TABLE `tabOperation` ADD COLUMN `work_instruction` longtext
2026-08-30 14:33:29,591 WARNING database DDL Query made to DB:
ALTER TABLE `tabWork Order Item` ADD COLUMN `requested_qty` decimal(21,9) NOT NULL DEFAULT 0.0, ADD COLUMN `picked_qty` decimal(21,9) NOT NULL DEFAULT 0.0
2026-08-30 14:33:30,122 WARNING database DDL Query made to DB:
ALTER TABLE `tabPick List` ADD INDEX `work_order_index`(`work_order`)
2026-08-30 14:33:30,326 WARNING database DDL Query made to DB:
create table `tabItem Lead Time Supplier` (
			name varchar(140) primary key,
			creation datetime(6),
			modified datetime(6),
			modified_by varchar(140),
			owner varchar(140),
			docstatus tinyint not null default '0',
			idx int not null default '0',
			`supplier` varchar(140),
`purchase_time` int(11) NOT NULL DEFAULT 0,
`buffer_time` int(11) NOT NULL DEFAULT 0,
`is_default` tinyint(4) NOT NULL DEFAULT 0,
parent varchar(140),
parentfield varchar(140),
parenttype varchar(140),
index parent(parent))
			ENGINE=InnoDB
			ROW_FORMAT=DYNAMIC
			CHARACTER SET=utf8mb4
			COLLATE=utf8mb4_unicode_ci
2026-08-30 14:33:30,641 WARNING database DDL Query made to DB:
ALTER TABLE `tabDelivery Note Item` ADD COLUMN `is_product_bundle` tinyint(4) NOT NULL DEFAULT 0, ADD COLUMN `product_bundle` varchar(140)
2026-08-30 14:33:30,972 WARNING database DDL Query made to DB:
ALTER TABLE `tabMaterial Request` MODIFY `title` varchar(140)
2026-08-30 14:33:30,993 WARNING database DDL Query made to DB:
ALTER TABLE `tabMaterial Request` ADD INDEX `work_order_index`(`work_order`)
2026-08-30 14:33:31,167 WARNING database DDL Query made to DB:
ALTER TABLE `tabPick List Item` ADD COLUMN `transferred_qty` decimal(21,9) NOT NULL DEFAULT 0.0
2026-08-30 14:33:31,279 WARNING database DDL Query made to DB:
ALTER TABLE `tabRepost Item Valuation` ADD COLUMN `recalculate_valuation_rate` tinyint(4) NOT NULL DEFAULT 0
2026-08-30 14:33:31,379 WARNING database DDL Query made to DB:
create table `tabItem Standard Cost` (
			name varchar(140) primary key,
			creation datetime(6),
			modified datetime(6),
			modified_by varchar(140),
			owner varchar(140),
			docstatus tinyint not null default '0',
			idx int not null default '0',
			`naming_series` varchar(140) DEFAULT 'ISC-.YYYY.-',
`item_code` varchar(140),
`company` varchar(140),
`standard_rate` decimal(21,9) NOT NULL DEFAULT 0.0,
`effective_date` date,
`revaluation_entry` varchar(140),
`amended_from` varchar(140),
`_user_tags` text,
`_comments` text,
`_assign` text,
`_liked_by` text,
index `item_code`(`item_code`),
index `company`(`company`),
index `amended_from`(`amended_from`),
index creation(creation))
			ENGINE=InnoDB
			ROW_FORMAT=DYNAMIC
			CHARACTER SET=utf8mb4
			COLLATE=utf8mb4_unicode_ci
2026-08-30 14:33:31,742 WARNING database DDL Query made to DB:
ALTER TABLE `tabBatch` ADD COLUMN `allow_negative_stock_for_batch` tinyint(4) NOT NULL DEFAULT 0
2026-08-30 14:33:32,657 WARNING database DDL Query made to DB:
ALTER TABLE `tabStock Entry Type` ADD COLUMN `batch_split` tinyint(4) NOT NULL DEFAULT 0
2026-08-30 14:33:33,031 WARNING database DDL Query made to DB:
ALTER TABLE `tabLanded Cost Taxes and Charges` ADD COLUMN `cost_center` varchar(140), ADD COLUMN `project` varchar(140)
2026-08-30 14:33:33,143 WARNING database DDL Query made to DB:
ALTER TABLE `tabItem Price` MODIFY `item_description` longtext
2026-08-30 14:33:33,370 WARNING database DDL Query made to DB:
ALTER TABLE `tabSerial and Batch Entry` DROP INDEX `warehouse`, DROP INDEX `serial_no`, DROP INDEX `type_of_transaction`
2026-08-30 14:33:33,403 WARNING database DDL Query made to DB:
ALTER TABLE `tabSerial and Batch Entry`
				ADD INDEX IF NOT EXISTS `warehouse_serial_no_posting_datetime_index`(warehouse, serial_no, posting_datetime)
2026-08-30 14:33:33,549 WARNING database DDL Query made to DB:
ALTER TABLE `tabStock Entry Detail` ADD COLUMN `pick_list_item` varchar(140)
2026-08-30 14:33:33,715 WARNING database DDL Query made to DB:
ALTER TABLE `tabItem Default` ADD COLUMN `expenses_added_to_stock_account` varchar(140), ADD COLUMN `expenses_added_to_stock_contra_account` varchar(140), ADD COLUMN `purchase_price_variance_account` varchar(140), ADD COLUMN `manufacturing_variance_account` varchar(140)
2026-08-30 14:33:33,768 WARNING database DDL Query made to DB:
create table `tabCompany Restriction` (
			name varchar(140) primary key,
			creation datetime(6),
			modified datetime(6),
			modified_by varchar(140),
			owner varchar(140),
			docstatus tinyint not null default '0',
			idx int not null default '0',
			`company` varchar(140),
parent varchar(140),
parentfield varchar(140),
parenttype varchar(140),
index parent(parent))
			ENGINE=InnoDB
			ROW_FORMAT=DYNAMIC
			CHARACTER SET=utf8mb4
			COLLATE=utf8mb4_unicode_ci
2026-08-30 14:33:33,905 WARNING database DDL Query made to DB:
ALTER TABLE `tabPacked Item` ADD COLUMN `product_bundle` varchar(140)
2026-08-30 14:33:34,091 WARNING database DDL Query made to DB:
ALTER TABLE `tabStock Entry` ADD COLUMN `weight_per_piece` decimal(21,9) NOT NULL DEFAULT 0.0, ADD COLUMN `is_fg_conversion` tinyint(4) NOT NULL DEFAULT 0
2026-08-30 14:33:34,774 WARNING database DDL Query made to DB:
ALTER TABLE `tabItem` ADD COLUMN `restrict_to_companies` tinyint(4) NOT NULL DEFAULT 0
2026-08-30 14:33:35,078 WARNING database DDL Query made to DB:
ALTER TABLE `tabDelivery Note` ADD COLUMN `shipping_contact_person` varchar(140), ADD COLUMN `shipping_contact_display` text, ADD COLUMN `shipping_contact_mobile` text, ADD COLUMN `shipping_contact_email` varchar(140)
2026-08-30 14:33:36,546 WARNING database DDL Query made to DB:
ALTER TABLE `tabSubcontracting Order` MODIFY `title` varchar(140)
2026-08-30 14:33:36,671 WARNING database DDL Query made to DB:
ALTER TABLE `tabSubcontracting Receipt Supplied Item` ADD INDEX `modified`(`modified`)
2026-08-30 14:33:36,822 WARNING database DDL Query made to DB:
ALTER TABLE `tabSubcontracting Receipt Item` ADD INDEX `modified`(`modified`)
2026-08-30 14:33:37,246 WARNING database DDL Query made to DB:
ALTER TABLE `tabSubcontracting Receipt` MODIFY `title` varchar(140)
2026-08-30 14:33:37,388 WARNING database DDL Query made to DB:
ALTER TABLE `tabSubcontracting Inward Order` MODIFY `title` varchar(140)
2026-08-30 14:33:38,172 WARNING database DDL Query made to DB:
ALTER TABLE `tabSupplier Scorecard` DROP INDEX `supplier`
2026-09-03 01:33:11,132 WARNING database DDL Query made to DB:
ALTER TABLE `tabSupplier Scorecard` ADD UNIQUE INDEX IF NOT EXISTS supplier (`supplier`)
2026-09-03 01:33:11,938 WARNING database DDL Query made to DB:
ALTER TABLE `tabSupplier Scorecard` DROP INDEX `supplier`
2026-09-03 01:33:17,843 WARNING database DDL Query made to DB:
ALTER TABLE `tabItem Reorder` ADD COLUMN `custom_daily_usage` decimal(21,9) NOT NULL DEFAULT 0.0
2026-09-03 01:33:17,978 WARNING database DDL Query made to DB:
ALTER TABLE `tabMaterial Request` ADD COLUMN `custom_auto_generated` tinyint(4) NOT NULL DEFAULT 0
2026-09-03 01:33:18,024 WARNING database DDL Query made to DB:
ALTER TABLE `tabSupplier Scorecard` ADD COLUMN `receipts_counted` int(11) NOT NULL DEFAULT 0
2026-09-05 22:31:31,700 WARNING database DDL Query made to DB:
ALTER TABLE `tabSupplier Scorecard` ADD UNIQUE INDEX IF NOT EXISTS supplier (`supplier`)
2026-09-05 22:31:32,533 WARNING database DDL Query made to DB:
ALTER TABLE `tabSupplier Scorecard` DROP INDEX `supplier`
2026-09-05 22:31:58,569 WARNING database DDL Query made to DB:
ALTER TABLE `tabAddress` ADD COLUMN `is_your_company_address` tinyint(4) NOT NULL DEFAULT 0
2026-09-05 22:33:34,337 WARNING database DDL Query made to DB:
ALTER TABLE `tabContact` ADD COLUMN `is_billing_contact` tinyint(4) NOT NULL DEFAULT 0
2026-09-05 22:53:11,415 WARNING database DDL Query made to DB:
ALTER TABLE `tabSupplier Scorecard` ADD UNIQUE INDEX IF NOT EXISTS supplier (`supplier`)
2026-09-05 22:53:12,627 WARNING database DDL Query made to DB:
ALTER TABLE `tabSupplier Scorecard` DROP INDEX `supplier`
2026-09-05 23:13:10,684 WARNING database DDL Query made to DB:
ALTER TABLE `tabSupplier Scorecard` ADD UNIQUE INDEX IF NOT EXISTS supplier (`supplier`)
2026-09-05 23:13:11,022 WARNING database DDL Query made to DB:
ALTER TABLE `tabSupplier Scorecard` DROP INDEX `supplier`
2026-09-05 23:13:52,982 WARNING database DDL Query made to DB:
ALTER TABLE `tabSupplier Scorecard` ADD UNIQUE INDEX IF NOT EXISTS supplier (`supplier`)
2026-09-05 23:13:53,468 WARNING database DDL Query made to DB:
ALTER TABLE `tabSupplier Scorecard` DROP INDEX `supplier`
2026-09-05 23:15:29,997 WARNING database DDL Query made to DB:
ALTER TABLE `tabSupplier Scorecard` ADD UNIQUE INDEX IF NOT EXISTS supplier (`supplier`)
2026-09-05 23:15:30,397 WARNING database DDL Query made to DB:
ALTER TABLE `tabSupplier Scorecard` DROP INDEX `supplier`
2026-09-07 01:27:56,554 WARNING database DDL Query made to DB:
ALTER TABLE `tabSupplier Scorecard` ADD UNIQUE INDEX IF NOT EXISTS supplier (`supplier`)
2026-09-07 01:27:56,909 WARNING database DDL Query made to DB:
ALTER TABLE `tabSupplier Scorecard` DROP INDEX `supplier`
2026-09-07 01:30:27,066 WARNING database DDL Query made to DB:
ALTER TABLE `tabSupplier Scorecard` ADD UNIQUE INDEX IF NOT EXISTS supplier (`supplier`)
2026-09-07 01:30:27,740 WARNING database DDL Query made to DB:
ALTER TABLE `tabSupplier Scorecard` DROP INDEX `supplier`
2026-09-07 01:32:17,637 WARNING database DDL Query made to DB:
ALTER TABLE `tabSupplier Scorecard` ADD UNIQUE INDEX IF NOT EXISTS supplier (`supplier`)
2026-09-07 01:32:18,421 WARNING database DDL Query made to DB:
ALTER TABLE `tabSupplier Scorecard` DROP INDEX `supplier`
2026-09-07 01:33:10,234 WARNING database DDL Query made to DB:
ALTER TABLE `tabSupplier Scorecard` ADD UNIQUE INDEX IF NOT EXISTS supplier (`supplier`)
2026-09-07 01:33:10,603 WARNING database DDL Query made to DB:
ALTER TABLE `tabSupplier Scorecard` DROP INDEX `supplier`
2026-09-07 01:36:21,721 WARNING database DDL Query made to DB:
ALTER TABLE `tabSupplier Scorecard` ADD UNIQUE INDEX IF NOT EXISTS supplier (`supplier`)
2026-09-07 01:36:22,268 WARNING database DDL Query made to DB:
ALTER TABLE `tabSupplier Scorecard` DROP INDEX `supplier`
2026-09-07 01:39:26,336 WARNING database DDL Query made to DB:
ALTER TABLE `tabSupplier Scorecard` ADD UNIQUE INDEX IF NOT EXISTS supplier (`supplier`)
2026-09-07 01:39:27,528 WARNING database DDL Query made to DB:
ALTER TABLE `tabSupplier Scorecard` DROP INDEX `supplier`
2026-09-07 01:40:04,710 WARNING database DDL Query made to DB:
ALTER TABLE `tabSupplier Scorecard` ADD UNIQUE INDEX IF NOT EXISTS supplier (`supplier`)
2026-09-07 01:40:05,697 WARNING database DDL Query made to DB:
ALTER TABLE `tabSupplier Scorecard` DROP INDEX `supplier`
2026-09-07 01:41:05,206 WARNING database DDL Query made to DB:
ALTER TABLE `tabSupplier Scorecard` ADD UNIQUE INDEX IF NOT EXISTS supplier (`supplier`)
2026-09-07 01:41:05,600 WARNING database DDL Query made to DB:
ALTER TABLE `tabSupplier Scorecard` DROP INDEX `supplier`
2026-09-07 01:49:55,039 WARNING database DDL Query made to DB:
ALTER TABLE `tabSupplier Scorecard` ADD UNIQUE INDEX IF NOT EXISTS supplier (`supplier`)
2026-09-07 01:49:55,719 WARNING database DDL Query made to DB:
ALTER TABLE `tabSupplier Scorecard` DROP INDEX `supplier`
2026-09-07 01:50:06,497 WARNING database DDL Query made to DB:
ALTER TABLE `tabPick List` ADD COLUMN `last_scanned_warehouse` varchar(140)
2026-09-07 02:43:46,784 WARNING database DDL Query made to DB:
ALTER TABLE `tabSupplier Scorecard` ADD UNIQUE INDEX IF NOT EXISTS supplier (`supplier`)
2026-09-07 02:43:47,211 WARNING database DDL Query made to DB:
ALTER TABLE `tabSupplier Scorecard` DROP INDEX `supplier`
2026-09-07 02:51:09,039 WARNING database DDL Query made to DB:
ALTER TABLE `tabSupplier Scorecard` ADD UNIQUE INDEX IF NOT EXISTS supplier (`supplier`)
2026-09-07 02:51:09,413 WARNING database DDL Query made to DB:
ALTER TABLE `tabSupplier Scorecard` DROP INDEX `supplier`
2026-09-21 20:06:35,255 WARNING database DDL Query made to DB:
ALTER TABLE `tabSupplier Scorecard` ADD UNIQUE INDEX IF NOT EXISTS supplier (`supplier`)
2026-09-21 20:06:35,651 WARNING database DDL Query made to DB:
ALTER TABLE `tabStorage Bin` ADD UNIQUE INDEX IF NOT EXISTS bin_id (`bin_id`), ADD UNIQUE INDEX IF NOT EXISTS barcode_qr_code (`barcode_qr_code`)
2026-09-21 20:06:35,709 WARNING database DDL Query made to DB:
ALTER TABLE `tabSeason` ADD COLUMN `season_name` varchar(140) UNIQUE
2026-09-21 20:06:35,710 WARNING database DDL Query made to DB:
ALTER TABLE `tabSeason` ADD UNIQUE INDEX IF NOT EXISTS season_name (`season_name`)
2026-09-21 20:06:35,760 WARNING database DDL Query made to DB:
ALTER TABLE `tabSupplier Scorecard` DROP INDEX `supplier`
2026-09-21 20:06:55,339 WARNING database DDL Query made to DB:
ALTER TABLE `tabSupplier Scorecard` ADD UNIQUE INDEX IF NOT EXISTS supplier (`supplier`)
2026-09-21 20:06:55,713 WARNING database DDL Query made to DB:
ALTER TABLE `tabSupplier Scorecard` DROP INDEX `supplier`
2026-09-21 20:06:55,829 WARNING database DDL Query made to DB:
ALTER TABLE `tabItem Reorder` MODIFY `custom_dynamic_lead_time_days` decimal(21,9) NOT NULL DEFAULT 0.0
2026-09-21 20:44:15,260 WARNING database DDL Query made to DB:
ALTER TABLE `tabSupplier Scorecard` ADD UNIQUE INDEX IF NOT EXISTS supplier (`supplier`)
2026-09-21 20:44:15,643 WARNING database DDL Query made to DB:
ALTER TABLE `tabSupplier Scorecard` DROP INDEX `supplier`
